// Jest Snapshot v1, https://goo.gl/fbAQLP

exports[`should start off with the correct board when passed a starting board 1`] = `
<DocumentFragment>
  <div
    class="root"
  >
    <div
      class="grid-container"
    >
      <button
        class="grid-item off"
        data-testid="0-0"
      />
      <button
        class="grid-item on"
        data-testid="0-1"
      />
      <button
        class="grid-item off"
        data-testid="0-2"
      />
      <button
        class="grid-item off"
        data-testid="0-3"
      />
      <button
        class="grid-item off"
        data-testid="0-4"
      />
      <button
        class="grid-item off"
        data-testid="1-0"
      />
      <button
        class="grid-item off"
        data-testid="1-1"
      />
      <button
        class="grid-item off"
        data-testid="1-2"
      />
      <button
        class="grid-item off"
        data-testid="1-3"
      />
      <button
        class="grid-item off"
        data-testid="1-4"
      />
      <button
        class="grid-item off"
        data-testid="2-0"
      />
      <button
        class="grid-item off"
        data-testid="2-1"
      />
      <button
        class="grid-item off"
        data-testid="2-2"
      />
      <button
        class="grid-item off"
        data-testid="2-3"
      />
      <button
        class="grid-item off"
        data-testid="2-4"
      />
      <button
        class="grid-item off"
        data-testid="3-0"
      />
      <button
        class="grid-item off"
        data-testid="3-1"
      />
      <button
        class="grid-item on"
        data-testid="3-2"
      />
      <button
        class="grid-item off"
        data-testid="3-3"
      />
      <button
        class="grid-item off"
        data-testid="3-4"
      />
      <button
        class="grid-item off"
        data-testid="4-0"
      />
      <button
        class="grid-item off"
        data-testid="4-1"
      />
      <button
        class="grid-item off"
        data-testid="4-2"
      />
      <button
        class="grid-item off"
        data-testid="4-3"
      />
      <button
        class="grid-item off"
        data-testid="4-4"
      />
    </div>
    <p>
      0
    </p>
    <button
      data-testid="reset"
    >
      Reset
    </button>
  </div>
</DocumentFragment>
`;
